0 verbose cli /usr/bin/node /usr/bin/npm
1 info using npm@11.4.1
2 info using node@v24.1.0
3 silly config load:file:/usr/lib/node_modules/npm/npmrc
4 silly config load:file:/home/chicken/.local/share/nvim/mason/staging/pyright/.npmrc
5 silly config load:file:/home/chicken/.npmrc
6 silly config load:file:/etc/npmrc
7 verbose title npm init
8 verbose argv "init" "--yes" "--scope" "mason"
9 verbose logfile logs-max:10 dir:/home/chicken/.npm/_logs/2025-06-06T16_16_38_268Z-
10 verbose logfile /home/chicken/.npm/_logs/2025-06-06T16_16_38_268Z-debug-0.log
11 silly logfile done cleaning log files
12 silly package data {
12 silly package data   name: '@mason/pyright',
12 silly package data   version: '1.0.0',
12 silly package data   description: '',
12 silly package data   main: 'index.js',
12 silly package data   scripts: { test: 'echo "Error: no test specified" && exit 1' },
12 silly package data   keywords: [],
12 silly package data   author: '',
12 silly package data   license: 'ISC',
12 silly package data   type: 'commonjs'
12 silly package data }
13 verbose cwd /home/chicken/.local/share/nvim/mason/staging/pyright
14 verbose os Linux 6.14.9-arch1-1
15 verbose node v24.1.0
16 verbose npm  v11.4.1
17 verbose exit 0
18 info ok
